// Jest Snapshot v1, https://goo.gl/fbAQLP

exports[`Snapshot test With props snapshot 1`] = `
<View
  accessible={true}
  isTVSelectable={true}
  onResponderGrant={[Function]}
  onResponderMove={[Function]}
  onResponderRelease={[Function]}
  onResponderTerminate={[Function]}
  onResponderTerminationRequest={[Function]}
  onStartShouldSetResponder={[Function]}
  style={
    Object {
      "marginHorizontal": 5,
      "opacity": 1,
      "padding": 10,
    }
  }
>
  <Text
    style={
      Array [
        Object {
          "color": "#A4C5EB",
          "fontSize": 14,
        },
        null,
      ]
    }
  >
    item1
  </Text>
</View>
`;
