// Jest Snapshot v1, https://goo.gl/fbAQLP

exports[`Snapshot test With props snapshot 1`] = `
<View
  style={
    Object {
      "alignItems": "center",
      "backgroundColor": "#75a7e2",
      "flexDirection": "row",
      "justifyContent": "flex-start",
      "width": "100%",
    }
  }
>
  <Text
    allowFontScaling={false}
    style={
      Array [
        Object {
          "color": "#FFFFFF",
          "fontSize": 20,
        },
        Object {
          "marginHorizontal": 15,
        },
        Object {
          "fontFamily": "Material Icons",
          "fontStyle": "normal",
          "fontWeight": "normal",
        },
        Object {},
      ]
    }
  >
    î†’
  </Text>
  <RCTScrollView
    data={
      Array [
        2018,
        2019,
        2020,
      ]
    }
    disableVirtualization={false}
    extraData={2020}
    getItem={[Function]}
    getItemCount={[Function]}
    horizontal={true}
    initialNumToRender={10}
    keyExtractor={[Function]}
    maxToRenderPerBatch={10}
    onContentSizeChange={[Function]}
    onEndReachedThreshold={2}
    onLayout={[Function]}
    onMomentumScrollEnd={[Function]}
    onScroll={[Function]}
    onScrollBeginDrag={[Function]}
    onScrollEndDrag={[Function]}
    removeClippedSubviews={false}
    renderItem={[Function]}
    scrollEventThrottle={50}
    showsHorizontalScrollIndicator={false}
    stickyHeaderIndices={Array []}
    updateCellsBatchingPeriod={50}
    viewabilityConfigCallbackPairs={Array []}
    windowSize={21}
  >
    <View>
      <View
        onLayout={[Function]}
        style={
          Array [
            Object {
              "flexDirection": "row",
            },
            null,
          ]
        }
      >
        <View
          accessible={true}
          focusable={true}
          onClick={[Function]}
          onResponderGrant={[Function]}
          onResponderMove={[Function]}
          onResponderRelease={[Function]}
          onResponderTerminate={[Function]}
          onResponderTerminationRequest={[Function]}
          onStartShouldSetResponder={[Function]}
          style={
            Object {
              "marginHorizontal": 5,
              "opacity": 1,
              "padding": 10,
            }
          }
        >
          <Text
            style={
              Array [
                Object {
                  "color": "#A4C5EB",
                  "fontSize": 14,
                },
                null,
              ]
            }
          >
            2018
          </Text>
        </View>
      </View>
      <View
        onLayout={[Function]}
        style={
          Array [
            Object {
              "flexDirection": "row",
            },
            null,
          ]
        }
      >
        <View
          accessible={true}
          focusable={true}
          onClick={[Function]}
          onResponderGrant={[Function]}
          onResponderMove={[Function]}
          onResponderRelease={[Function]}
          onResponderTerminate={[Function]}
          onResponderTerminationRequest={[Function]}
          onStartShouldSetResponder={[Function]}
          style={
            Object {
              "marginHorizontal": 5,
              "opacity": 1,
              "padding": 10,
            }
          }
        >
          <Text
            style={
              Array [
                Object {
                  "color": "#A4C5EB",
                  "fontSize": 14,
                },
                null,
              ]
            }
          >
            2019
          </Text>
        </View>
      </View>
      <View
        onLayout={[Function]}
        style={
          Array [
            Object {
              "flexDirection": "row",
            },
            null,
          ]
        }
      >
        <View
          accessible={true}
          focusable={true}
          onClick={[Function]}
          onResponderGrant={[Function]}
          onResponderMove={[Function]}
          onResponderRelease={[Function]}
          onResponderTerminate={[Function]}
          onResponderTerminationRequest={[Function]}
          onStartShouldSetResponder={[Function]}
          style={
            Object {
              "borderBottomColor": "#FF9500",
              "borderBottomWidth": 2,
              "marginHorizontal": 5,
              "opacity": 1,
              "padding": 10,
            }
          }
        >
          <Text
            style={
              Array [
                Object {
                  "color": "#A4C5EB",
                  "fontSize": 14,
                },
                Object {
                  "color": "#FFFFFF",
                  "fontWeight": "600",
                },
              ]
            }
          >
            2020
          </Text>
        </View>
      </View>
    </View>
  </RCTScrollView>
</View>
`;
